filters:
  - header:
      comment: |-
        This is sample policy for GCP HF
      target:
        gcp_hf: testhf INGRESS inet beta 200
    terms:
      - name: folder-ssh
        comment: |-
          Allow SSH into folder-test
        source-address: PUBLIC_NAT
        protocol: tcp
        destination-port: SSH
        action: next
      - name: folder-rdp
        comment: |-
          Allow RDP to targetResources. Making long comment to show truncation.
        source-address: PUBLIC_NAT
        protocol: tcp
        destination-port: RDP
        target-resources:
          - (proj-1,vpc1)
        action: next
      - name: test-icmp
        comment: |-
          Allow ICMP from company.
        source-address: PUBLIC_NAT
        protocol: icmp
        action: accept
      - name: test-icmpv6
        comment: |-
          Allow ICMPv6 from company. This should not be rendered.
        source-address: PUBLIC_NAT
        protocol: icmpv6
        action: accept
      - name: test-igmp
        comment: |-
          Allow IGMP from company.
        source-address: PUBLIC_NAT
        protocol: igmp
        action: accept
      - name: test-multiple-protocols
        comment: |-
          Allow TCP/UDP access to all instances from company.
        source-address: PUBLIC_NAT
        protocol: tcp udp
        destination-port: HIGH_PORTS
        action: accept
      - name: test-multiple-protocols-tcp-icmpv6
        comment: |-
          Allow all tcp and icmpv6. This should only render tcp.
        source-address: PUBLIC_NAT
        protocol: tcp icmpv6
        action: accept
      - name: test-multiple-protocols-tcp-icmp
        comment: |-
          Allow all tcp and icmp.
        source-address: PUBLIC_NAT
        protocol: tcp icmp
        action: accept
      - name: default-deny
        action: deny
  - header:
      comment: |-
        This is sample policy for GCP HF
      target:
        gcp_hf: testhf EGRESS inet 200
    terms:
      - name: folder-smtp
        comment: |-
          Allow egress to mail servers
        protocol: tcp
        destination-port: SMTP
        destination-address: MAIL_SERVERS
        action: next
      - name: folder-ssh-nat
        comment: |-
          Allow egress ssh to RFC1918
        protocol: tcp
        destination-port: SSH
        destination-address: PUBLIC_NAT
        target-resources:
          - (proj-2,vpc2)
        action: next
      - name: test-egress-address-v6-only
        comment: |-
          Outbound to IPv6 Server. This should not be rendered.
        protocol: tcp
        destination-port: SMTP
        destination-address: PUBLIC_IPV6_SERVERS
        action: accept
      - name: default-deny
        action: deny
